kotlin version: 2.1.10
error message: org.jetbrains.kotlin.backend.common.BackendException: Backend Internal error: Exception during IR lowering
File being compiled: D:/o3/RecipeFinder/recipe/searchrecipe/src/main/java/com/smarthealth/recipe/searchrecipe/nevigation/NavGraph.kt
The root cause java.lang.RuntimeException was thrown at: org.jetbrains.kotlin.backend.jvm.codegen.FunctionCodegen.generate(FunctionCodegen.kt:48)
	at org.jetbrains.kotlin.backend.common.CodegenUtil.reportBackendException(CodegenUtil.kt:253)
	at org.jetbrains.kotlin.backend.common.CodegenUtil.reportBackendException$default(CodegenUtil.kt:236)
	at org.jetbrains.kotlin.backend.common.phaser.PerformByIrFilePhase.invokeSequential(performByIrFile.kt:55)
	at org.jetbrains.kotlin.backend.common.phaser.PerformByIrFilePhase.invoke(performByIrFile.kt:42)
	at org.jetbrains.kotlin.backend.common.phaser.PerformByIrFilePhase.invoke(performByIrFile.kt:28)
	at org.jetbrains.kotlin.backend.common.phaser.NamedCompilerPhase.phaseBody(CompilerPhase.kt:166)
	at org.jetbrains.kotlin.backend.common.phaser.AbstractNamedCompilerPhase.invoke(CompilerPhase.kt:113)
	at org.jetbrains.kotlin.backend.common.phaser.CompositePhase.invoke(PhaseBuilders.kt:27)
	at org.jetbrains.kotlin.backend.common.phaser.CompositePhase.invoke(PhaseBuilders.kt:14)
	at org.jetbrains.kotlin.backend.common.phaser.NamedCompilerPhase.phaseBody(CompilerPhase.kt:166)
	at org.jetbrains.kotlin.backend.common.phaser.AbstractNamedCompilerPhase.invoke(CompilerPhase.kt:113)
	at org.jetbrains.kotlin.backend.common.phaser.CompilerPhaseKt.invokeToplevel(CompilerPhase.kt:62)
	at org.jetbrains.kotlin.backend.jvm.JvmIrCodegenFactory.invokeCodegen(JvmIrCodegenFactory.kt:371)
	at org.jetbrains.kotlin.codegen.CodegenFactory.generateModule(CodegenFactory.kt:47)
	at org.jetbrains.kotlin.backend.jvm.JvmIrCodegenFactory.generateModuleInFrontendIRMode(JvmIrCodegenFactory.kt:433)
	at org.jetbrains.kotlin.cli.jvm.compiler.pipeline.JvmCompilerPipelineKt.generateCodeFromIr(jvmCompilerPipeline.kt:192)
	at org.jetbrains.kotlin.cli.jvm.compiler.pipeline.JvmCompilerPipelineKt.runBackend(jvmCompilerPipeline.kt:80)
	at org.jetbrains.kotlin.cli.jvm.compiler.pipeline.JvmCompilerPipelineLightTreeKt.compileModule(jvmCompilerPipelineLightTree.kt:264)
	at org.jetbrains.kotlin.cli.jvm.compiler.pipeline.JvmCompilerPipelineLightTreeKt.compileSingleModuleUsingFrontendIrAndLightTree(jvmCompilerPipelineLightTree.kt:231)
	at org.jetbrains.kotlin.cli.jvm.compiler.pipeline.JvmCompilerPipelineLightTreeKt.compileModulesUsingFrontendIrAndLightTree(jvmCompilerPipelineLightTree.kt:86)
	at org.jetbrains.kotlin.cli.jvm.K2JVMCompiler.doExecute(K2JVMCompiler.kt:146)
	at org.jetbrains.kotlin.cli.jvm.K2JVMCompiler.doExecute(K2JVMCompiler.kt:43)
	at org.jetbrains.kotlin.cli.common.CLICompiler.execImpl(CLICompiler.kt:102)
	at org.jetbrains.kotlin.cli.common.CLICompiler.exec(CLICompiler.kt:316)
	at org.jetbrains.kotlin.incremental.IncrementalJvmCompilerRunner.runCompiler(IncrementalJvmCompilerRunner.kt:464)
	at org.jetbrains.kotlin.incremental.IncrementalJvmCompilerRunner.runCompiler(IncrementalJvmCompilerRunner.kt:73)
	at org.jetbrains.kotlin.incremental.IncrementalCompilerRunner.doCompile(IncrementalCompilerRunner.kt:506)
	at org.jetbrains.kotlin.incremental.IncrementalCompilerRunner.compileImpl(IncrementalCompilerRunner.kt:423)
	at org.jetbrains.kotlin.incremental.IncrementalCompilerRunner.compileNonIncrementally(IncrementalCompilerRunner.kt:301)
	at org.jetbrains.kotlin.incremental.IncrementalCompilerRunner.compile(IncrementalCompilerRunner.kt:129)
	at org.jetbrains.kotlin.daemon.CompileServiceImplBase.execIncrementalCompiler(CompileServiceImpl.kt:683)
	at org.jetbrains.kotlin.daemon.CompileServiceImplBase.access$execIncrementalCompiler(CompileServiceImpl.kt:91)
	at org.jetbrains.kotlin.daemon.CompileServiceImpl.compile(CompileServiceImpl.kt:1811)
	at java.base/jdk.internal.reflect.DirectMethodHandleAccessor.invoke(Unknown Source)
	at java.base/java.lang.reflect.Method.invoke(Unknown Source)
	at java.rmi/sun.rmi.server.UnicastServerRef.dispatch(Unknown Source)
	at java.rmi/sun.rmi.transport.Transport$1.run(Unknown Source)
	at java.rmi/sun.rmi.transport.Transport$1.run(Unknown Source)
	at java.base/java.security.AccessController.doPrivileged(Unknown Source)
	at java.rmi/sun.rmi.transport.Transport.serviceCall(Unknown Source)
	at java.rmi/sun.rmi.transport.tcp.TCPTransport.handleMessages(Unknown Source)
	at java.rmi/sun.rmi.transport.tcp.TCPTransport$ConnectionHandler.run0(Unknown Source)
	at java.rmi/sun.rmi.transport.tcp.TCPTransport$ConnectionHandler.lambda$run$0(Unknown Source)
	at java.base/java.security.AccessController.doPrivileged(Unknown Source)
	at java.rmi/sun.rmi.transport.tcp.TCPTransport$ConnectionHandler.run(Unknown Source)
	at java.base/java.util.concurrent.ThreadPoolExecutor.runWorker(Unknown Source)
	at java.base/java.util.concurrent.ThreadPoolExecutor$Worker.run(Unknown Source)
	at java.base/java.lang.Thread.run(Unknown Source)
Caused by: java.lang.RuntimeException: Exception while generating code for:
FUN LOCAL_FUNCTION_FOR_LAMBDA name:MainNavGraph$lambda$2$lambda$1 visibility:private modality:FINAL <> ($this$composable:androidx.compose.animation.AnimatedContentScope, it:androidx.navigation.NavBackStackEntry) returnType:kotlin.Unit?
  VALUE_PARAMETER name:$this$composable index:0 type:androidx.compose.animation.AnimatedContentScope
  VALUE_PARAMETER name:it index:1 type:androidx.navigation.NavBackStackEntry
  BLOCK_BODY
    VAR name:viewModel type:com.smarthealth.recipe.searchrecipe.presentation.SearchRecipeViewModel [val]
      TYPE_OP type=com.smarthealth.recipe.searchrecipe.presentation.SearchRecipeViewModel origin=IMPLICIT_CAST typeOperand=com.smarthealth.recipe.searchrecipe.presentation.SearchRecipeViewModel
        CALL 'public final fun koinViewModel$default <T> (qualifier: org.koin.core.qualifier.Qualifier?, viewModelStoreOwner: androidx.lifecycle.ViewModelStoreOwner?, key: kotlin.String?, extras: androidx.lifecycle.viewmodel.CreationExtras?, scope: org.koin.core.scope.Scope?, parameters: kotlin.Function0<org.koin.core.parameter.ParametersHolder>?, $mask0: kotlin.Int, $handler: kotlin.Any?): T of org.koin.androidx.compose.ViewModelKt.koinViewModel$default [inline] declared in org.koin.androidx.compose.ViewModelKt' type=T of org.koin.androidx.compose.ViewModelKt.koinViewModel$default origin=DEFAULT_DISPATCH_CALL
          <T>: com.smarthealth.recipe.searchrecipe.presentation.SearchRecipeViewModel
          qualifier: COMPOSITE type=org.koin.core.qualifier.Qualifier? origin=DEFAULT_VALUE
            CONST Null type=org.koin.core.qualifier.Qualifier? value=null
          viewModelStoreOwner: COMPOSITE type=androidx.lifecycle.ViewModelStoreOwner? origin=DEFAULT_VALUE
            CONST Null type=androidx.lifecycle.ViewModelStoreOwner? value=null
          key: COMPOSITE type=kotlin.String? origin=DEFAULT_VALUE
            CONST Null type=kotlin.String? value=null
          extras: COMPOSITE type=androidx.lifecycle.viewmodel.CreationExtras? origin=DEFAULT_VALUE
            CONST Null type=androidx.lifecycle.viewmodel.CreationExtras? value=null
          scope: COMPOSITE type=org.koin.core.scope.Scope? origin=DEFAULT_VALUE
            CONST Null type=org.koin.core.scope.Scope? value=null
          parameters: COMPOSITE type=kotlin.Function0<org.koin.core.parameter.ParametersHolder>? origin=DEFAULT_VALUE
            CONST Null type=kotlin.Function0<org.koin.core.parameter.ParametersHolder>? value=null
          $mask0: CONST Int type=kotlin.Int value=63
          $handler: CONST Null type=kotlin.Any? value=null
    CALL 'public final fun SearchRecipeScreen (state: com.smarthealth.recipe.searchrecipe.presentation.SearchRecipeScreenState, actionEvent: kotlin.Function1<com.smarthealth.recipe.searchrecipe.presentation.SearchRecipeViewModel.ActionEvent, kotlin.Unit>, onclick: kotlin.Function0<kotlin.Unit>): kotlin.Unit declared in com.smarthealth.recipe.searchrecipe.presentation.SearchRecipeScreenKt' type=kotlin.Unit origin=null
      state: CALL 'public final fun <get-state> (): com.smarthealth.recipe.searchrecipe.presentation.SearchRecipeScreenState declared in com.smarthealth.recipe.searchrecipe.presentation.SearchRecipeViewModel' type=com.smarthealth.recipe.searchrecipe.presentation.SearchRecipeScreenState origin=GET_PROPERTY
        $this: GET_VAR 'val viewModel: com.smarthealth.recipe.searchrecipe.presentation.SearchRecipeViewModel [val] declared in com.smarthealth.recipe.searchrecipe.nevigation.NavGraphKt.MainNavGraph$lambda$2$lambda$1' type=com.smarthealth.recipe.searchrecipe.presentation.SearchRecipeViewModel origin=null
      actionEvent: BLOCK type=com.smarthealth.recipe.searchrecipe.nevigation.NavGraphKt.MainNavGraph$lambda$2$lambda$1.<no name provided> origin=null
        CLASS FUNCTION_REFERENCE_IMPL CLASS name:<no name provided> modality:FINAL visibility:public/*package*/ superTypes:[kotlin.jvm.internal.FunctionReferenceImpl; kotlin.Function1<com.smarthealth.recipe.searchrecipe.presentation.SearchRecipeViewModel.ActionEvent, kotlin.Unit>]
          $this: VALUE_PARAMETER INSTANCE_RECEIVER name:<this> type:com.smarthealth.recipe.searchrecipe.nevigation.NavGraphKt.MainNavGraph$lambda$2$lambda$1.<no name provided>
          CONSTRUCTOR GENERATED_MEMBER_IN_CALLABLE_REFERENCE visibility:public/*package*/ <> (receiver:kotlin.Any?) returnType:com.smarthealth.recipe.searchrecipe.nevigation.NavGraphKt.MainNavGraph$lambda$2$lambda$1.<no name provided> [primary]
            VALUE_PARAMETER name:receiver index:0 type:kotlin.Any?
            BLOCK_BODY
              DELEGATING_CONSTRUCTOR_CALL 'public constructor <init> (arity: kotlin.Int, receiver: kotlin.Any?, owner: java.lang.Class<*>, name: kotlin.String, signature: kotlin.String, flags: kotlin.Int) declared in kotlin.jvm.internal.FunctionReferenceImpl'
                arity: CONST Int type=kotlin.Int value=1
                receiver: GET_VAR 'receiver: kotlin.Any? declared in com.smarthealth.recipe.searchrecipe.nevigation.NavGraphKt.MainNavGraph$lambda$2$lambda$1.<no name provided>.<init>' type=kotlin.Any? origin=null
                owner: CALL 'public final fun <get-java> (): java.lang.Class<*> declared in kotlin.jvm.JvmClassMappingKt' type=java.lang.Class<*> origin=GET_PROPERTY
                  $receiver: CLASS_REFERENCE 'CLASS IR_EXTERNAL_DECLARATION_STUB INTERFACE name:KClass modality:ABSTRACT visibility:public superTypes:[kotlin.reflect.KDeclarationContainer; kotlin.reflect.KAnnotatedElement; kotlin.reflect.KClassifier]' type=kotlin.reflect.KClass<*>
                name: CONST String type=kotlin.String value="onEvent"
                signature: CALL 'public final fun <signature-string> (v: kotlin.Any?): kotlin.String declared in kotlin.jvm.internal' type=kotlin.String origin=null
                  v: FUNCTION_REFERENCE 'public final fun onEvent (actionEvents: com.smarthealth.recipe.searchrecipe.presentation.SearchRecipeViewModel.ActionEvent): kotlin.Unit declared in com.smarthealth.recipe.searchrecipe.presentation.SearchRecipeViewModel' type=kotlin.reflect.KFunction1<com.smarthealth.recipe.searchrecipe.presentation.SearchRecipeViewModel.ActionEvent, kotlin.Unit> origin=null reflectionTarget=<same>
                flags: CONST Int type=kotlin.Int value=0
              BLOCK type=kotlin.Unit origin=null
          FUN name:invoke visibility:public modality:FINAL <> ($this:com.smarthealth.recipe.searchrecipe.nevigation.NavGraphKt.MainNavGraph$lambda$2$lambda$1.<no name provided>, p0:com.smarthealth.recipe.searchrecipe.presentation.SearchRecipeViewModel.ActionEvent) returnType:kotlin.Unit
            overridden:
              public abstract fun invoke (p1: P1 of kotlin.Function1): R of kotlin.Function1 [operator] declared in kotlin.Function1
            $this: VALUE_PARAMETER INSTANCE_RECEIVER name:<this> type:com.smarthealth.recipe.searchrecipe.nevigation.NavGraphKt.MainNavGraph$lambda$2$lambda$1.<no name provided>
            VALUE_PARAMETER name:p0 index:0 type:com.smarthealth.recipe.searchrecipe.presentation.SearchRecipeViewModel.ActionEvent
            EXPRESSION_BODY
              CALL 'public final fun onEvent (actionEvents: com.smarthealth.recipe.searchrecipe.presentation.SearchRecipeViewModel.ActionEvent): kotlin.Unit declared in com.smarthealth.recipe.searchrecipe.presentation.SearchRecipeViewModel' type=kotlin.Unit origin=null
                $this: TYPE_OP type=com.smarthealth.recipe.searchrecipe.presentation.SearchRecipeViewModel origin=IMPLICIT_CAST typeOperand=com.smarthealth.recipe.searchrecipe.presentation.SearchRecipeViewModel
                  GET_FIELD 'FIELD name:receiver type:kotlin.Any? visibility:protected declared in com.smarthealth.recipe.searchrecipe.nevigation.NavGraphKt.MainNavGraph$lambda$2$lambda$1.<no name provided>' type=kotlin.Any? origin=null
                    receiver: GET_VAR '<this>: com.smarthealth.recipe.searchrecipe.nevigation.NavGraphKt.MainNavGraph$lambda$2$lambda$1.<no name provided> declared in com.smarthealth.recipe.searchrecipe.nevigation.NavGraphKt.MainNavGraph$lambda$2$lambda$1.<no name provided>.invoke' type=com.smarthealth.recipe.searchrecipe.nevigation.NavGraphKt.MainNavGraph$lambda$2$lambda$1.<no name provided> origin=null
                actionEvents: GET_VAR 'p0: com.smarthealth.recipe.searchrecipe.presentation.SearchRecipeViewModel.ActionEvent declared in com.smarthealth.recipe.searchrecipe.nevigation.NavGraphKt.MainNavGraph$lambda$2$lambda$1.<no name provided>.invoke' type=com.smarthealth.recipe.searchrecipe.presentation.SearchRecipeViewModel.ActionEvent origin=null
          FUN BRIDGE name:invoke visibility:public modality:OPEN <> ($this:com.smarthealth.recipe.searchrecipe.nevigation.NavGraphKt.MainNavGraph$lambda$2$lambda$1.<no name provided>, p1:kotlin.Any?) returnType:kotlin.Any?
            $this: VALUE_PARAMETER INSTANCE_RECEIVER name:<this> type:com.smarthealth.recipe.searchrecipe.nevigation.NavGraphKt.MainNavGraph$lambda$2$lambda$1.<no name provided>
            VALUE_PARAMETER BRIDGE name:p1 index:0 type:kotlin.Any?
            EXPRESSION_BODY
              RETURN type=kotlin.Nothing from='public open fun invoke (p1: kotlin.Any?): kotlin.Any? declared in com.smarthealth.recipe.searchrecipe.nevigation.NavGraphKt.MainNavGraph$lambda$2$lambda$1.<no name provided>'
                CALL 'public final fun invoke (p0: com.smarthealth.recipe.searchrecipe.presentation.SearchRecipeViewModel.ActionEvent): kotlin.Unit declared in com.smarthealth.recipe.searchrecipe.nevigation.NavGraphKt.MainNavGraph$lambda$2$lambda$1.<no name provided>' type=kotlin.Unit origin=BRIDGE_DELEGATION
                  $this: GET_VAR '<this>: com.smarthealth.recipe.searchrecipe.nevigation.NavGraphKt.MainNavGraph$lambda$2$lambda$1.<no name provided> declared in com.smarthealth.recipe.searchrecipe.nevigation.NavGraphKt.MainNavGraph$lambda$2$lambda$1.<no name provided>.invoke' type=com.smarthealth.recipe.searchrecipe.nevigation.NavGraphKt.MainNavGraph$lambda$2$lambda$1.<no name provided> origin=null
                  p0: TYPE_OP type=com.smarthealth.recipe.searchrecipe.presentation.SearchRecipeViewModel.ActionEvent origin=IMPLICIT_CAST typeOperand=com.smarthealth.recipe.searchrecipe.presentation.SearchRecipeViewModel.ActionEvent
                    GET_VAR 'p1: kotlin.Any? declared in com.smarthealth.recipe.searchrecipe.nevigation.NavGraphKt.MainNavGraph$lambda$2$lambda$1.<no name provided>.invoke' type=kotlin.Any? origin=null
        CONSTRUCTOR_CALL 'public/*package*/ constructor <init> (receiver: kotlin.Any?) [primary] declared in com.smarthealth.recipe.searchrecipe.nevigation.NavGraphKt.MainNavGraph$lambda$2$lambda$1.<no name provided>' type=com.smarthealth.recipe.searchrecipe.nevigation.NavGraphKt.MainNavGraph$lambda$2$lambda$1.<no name provided> origin=null
          receiver: GET_VAR 'val viewModel: com.smarthealth.recipe.searchrecipe.presentation.SearchRecipeViewModel [val] declared in com.smarthealth.recipe.searchrecipe.nevigation.NavGraphKt.MainNavGraph$lambda$2$lambda$1' type=com.smarthealth.recipe.searchrecipe.presentation.SearchRecipeViewModel origin=null
      onclick: BLOCK type=kotlin.Function0<kotlin.Unit> origin=LAMBDA
        COMPOSITE type=kotlin.Unit origin=null
        CALL 'public final fun <jvm-indy> <T> (dynamicCall: T of kotlin.jvm.internal.<jvm-indy>, bootstrapMethodHandle: kotlin.Any, vararg bootstrapMethodArguments: kotlin.Any): T of kotlin.jvm.internal.<jvm-indy> declared in kotlin.jvm.internal' type=kotlin.Function0<kotlin.Unit> origin=null
          <T>: kotlin.Function0<kotlin.Unit>
          dynamicCall: CALL 'public final fun invoke (p0: com.smarthealth.recipe.searchrecipe.presentation.SearchRecipeViewModel): kotlin.Function0<kotlin.Unit> declared in kotlin.jvm.internal.invokeDynamic' type=kotlin.Function0<kotlin.Unit> origin=null
            p0: GET_VAR 'val viewModel: com.smarthealth.recipe.searchrecipe.presentation.SearchRecipeViewModel [val] declared in com.smarthealth.recipe.searchrecipe.nevigation.NavGraphKt.MainNavGraph$lambda$2$lambda$1' type=com.smarthealth.recipe.searchrecipe.presentation.SearchRecipeViewModel origin=null
          bootstrapMethodHandle: CALL 'public final fun <jvm-method-handle> (tag: kotlin.Int, owner: kotlin.String, name: kotlin.String, descriptor: kotlin.String, isInterface: kotlin.Boolean): kotlin.Any declared in kotlin.jvm.internal' type=kotlin.Any origin=null
            tag: CONST Int type=kotlin.Int value=6
            owner: CONST String type=kotlin.String value="java/lang/invoke/LambdaMetafactory"
            name: CONST String type=kotlin.String value="metafactory"
            descriptor: CONST String type=kotlin.String value="(Ljava/lang/invoke/MethodHandles$Lookup;Ljava/lang/String;Ljava/lang/invoke/MethodType;Ljava/lang/invoke/MethodType;Ljava/lang/invoke/MethodHandle;Ljava/lang/invoke/MethodType;)Ljava/lang/invoke/CallSite;"
            isInterface: CONST Boolean type=kotlin.Boolean value=false
          bootstrapMethodArguments: VARARG type=kotlin.Array<kotlin.Any> varargElementType=kotlin.Any
            CALL 'public final fun <jvm-original-method-type> (method: kotlin.Any): kotlin.Any declared in kotlin.jvm.internal' type=kotlin.Any origin=null
              method: RAW_FUNCTION_REFERENCE 'public abstract fun invoke (): R of kotlin.Function0 [operator] declared in kotlin.Function0' type=kotlin.Any
            RAW_FUNCTION_REFERENCE 'private final fun MainNavGraph$lambda$2$lambda$1$lambda$0 ($viewModel: com.smarthealth.recipe.searchrecipe.presentation.SearchRecipeViewModel): kotlin.Unit? declared in com.smarthealth.recipe.searchrecipe.nevigation.NavGraphKt' type=kotlin.Any
            CALL 'public final fun <jvm-original-method-type> (method: kotlin.Any): kotlin.Any declared in kotlin.jvm.internal' type=kotlin.Any origin=null
              method: RAW_FUNCTION_REFERENCE 'public abstract fun invoke (): kotlin.Unit? [fake_override,operator] declared in kotlin.jvm.internal.invokeDynamic.<fake>' type=kotlin.Any

	at org.jetbrains.kotlin.backend.jvm.codegen.FunctionCodegen.generate(FunctionCodegen.kt:48)
	at org.jetbrains.kotlin.backend.jvm.codegen.FunctionCodegen.generate$default(FunctionCodegen.kt:41)
	at org.jetbrains.kotlin.backend.jvm.codegen.ClassCodegen.generateMethodNode(ClassCodegen.kt:407)
	at org.jetbrains.kotlin.backend.jvm.codegen.ClassCodegen.generateMethod(ClassCodegen.kt:424)
	at org.jetbrains.kotlin.backend.jvm.codegen.ClassCodegen.generate(ClassCodegen.kt:169)
	at org.jetbrains.kotlin.backend.jvm.FileCodegen.lower(JvmPhases.kt:39)
	at org.jetbrains.kotlin.backend.common.phaser.PhaseFactoriesKt.createFilePhase$lambda$4(PhaseFactories.kt:71)
	at org.jetbrains.kotlin.backend.common.phaser.PhaseBuildersKt$createSimpleNamedCompilerPhase$1.phaseBody(PhaseBuilders.kt:69)
	at org.jetbrains.kotlin.backend.common.phaser.SimpleNamedCompilerPhase.phaseBody(CompilerPhase.kt:226)
	at org.jetbrains.kotlin.backend.common.phaser.AbstractNamedCompilerPhase.invoke(CompilerPhase.kt:113)
	at org.jetbrains.kotlin.backend.common.phaser.PerformByIrFilePhase.invokeSequential(performByIrFile.kt:52)
	... 45 more
Caused by: org.jetbrains.kotlin.codegen.CompilationException: Back-end (JVM) Internal error: Couldn't inline method call: CALL 'public final fun koinViewModel$default <T> (qualifier: org.koin.core.qualifier.Qualifier?, viewModelStoreOwner: androidx.lifecycle.ViewModelStoreOwner?, key: kotlin.String?, extras: androidx.lifecycle.viewmodel.CreationExtras?, scope: org.koin.core.scope.Scope?, parameters: kotlin.Function0<org.koin.core.parameter.ParametersHolder>?, $mask0: kotlin.Int, $handler: kotlin.Any?): T of org.koin.androidx.compose.ViewModelKt.koinViewModel$default [inline] declared in org.koin.androidx.compose.ViewModelKt' type=T of org.koin.androidx.compose.ViewModelKt.koinViewModel$default origin=DEFAULT_DISPATCH_CALL
Method: null
File is unknown
The root cause java.lang.IllegalStateException was thrown at: org.jetbrains.kotlin.codegen.inline.SourceCompilerForInlineKt.getMethodNode(SourceCompilerForInline.kt:118)
	at org.jetbrains.kotlin.codegen.inline.InlineCodegen.performInline(InlineCodegen.kt:65)
	at org.jetbrains.kotlin.backend.jvm.codegen.IrInlineCodegen.genInlineCall(IrInlineCodegen.kt:163)
	at org.jetbrains.kotlin.backend.jvm.codegen.IrInlineCallGenerator.genCall(IrInlineCallGenerator.kt:36)
	at org.jetbrains.kotlin.backend.jvm.codegen.ExpressionCodegen.visitCall(ExpressionCodegen.kt:598)
	at org.jetbrains.kotlin.backend.jvm.codegen.ExpressionCodegen.visitCall(ExpressionCodegen.kt:134)
	at org.jetbrains.kotlin.ir.expressions.IrCall.accept(IrCall.kt:24)
	at org.jetbrains.kotlin.backend.jvm.codegen.ExpressionCodegen.visitTypeOperator(ExpressionCodegen.kt:1076)
	at org.jetbrains.kotlin.backend.jvm.codegen.ExpressionCodegen.visitTypeOperator(ExpressionCodegen.kt:134)
	at org.jetbrains.kotlin.ir.expressions.IrTypeOperatorCall.accept(IrTypeOperatorCall.kt:26)
	at org.jetbrains.kotlin.backend.jvm.codegen.ExpressionCodegen.visitVariable(ExpressionCodegen.kt:735)
	at org.jetbrains.kotlin.backend.jvm.codegen.ExpressionCodegen.visitVariable(ExpressionCodegen.kt:134)
	at org.jetbrains.kotlin.ir.declarations.IrVariable.accept(IrVariable.kt:36)
	at org.jetbrains.kotlin.backend.jvm.codegen.ExpressionCodegen.visitStatementContainer(ExpressionCodegen.kt:524)
	at org.jetbrains.kotlin.backend.jvm.codegen.ExpressionCodegen.visitBlockBody(ExpressionCodegen.kt:529)
	at org.jetbrains.kotlin.backend.jvm.codegen.ExpressionCodegen.visitBlockBody(ExpressionCodegen.kt:134)
	at org.jetbrains.kotlin.ir.expressions.IrBlockBody.accept(IrBlockBody.kt:20)
	at org.jetbrains.kotlin.backend.jvm.codegen.ExpressionCodegen.generate(ExpressionCodegen.kt:236)
	at org.jetbrains.kotlin.backend.jvm.codegen.FunctionCodegen.doGenerate(FunctionCodegen.kt:124)
	at org.jetbrains.kotlin.backend.jvm.codegen.FunctionCodegen.generate(FunctionCodegen.kt:45)
	... 55 more
Caused by: java.lang.IllegalStateException: couldn't find inline method Lorg/koin/androidx/compose/ViewModelKt;.koinViewModel$default(Lorg/koin/core/qualifier/Qualifier;Landroidx/lifecycle/ViewModelStoreOwner;Ljava/lang/String;Landroidx/lifecycle/viewmodel/CreationExtras;Lorg/koin/core/scope/Scope;Lkotlin/jvm/functions/Function0;ILjava/lang/Object;)Landroidx/lifecycle/ViewModel;
	at org.jetbrains.kotlin.codegen.inline.SourceCompilerForInlineKt.getMethodNode(SourceCompilerForInline.kt:118)
	at org.jetbrains.kotlin.codegen.inline.SourceCompilerForInlineKt.loadCompiledInlineFunction(SourceCompilerForInline.kt:96)
	at org.jetbrains.kotlin.backend.jvm.codegen.IrSourceCompilerForInline.compileInlineFunction(IrSourceCompilerForInline.kt:91)
	at org.jetbrains.kotlin.codegen.inline.InlineCodegen.compileInline(InlineCodegen.kt:43)
	at org.jetbrains.kotlin.codegen.inline.InlineCodegen.performInline(InlineCodegen.kt:51)
	... 73 more


